
­ƒÜÇ INICIANDO PRUEBAS DE ENDPOINTS


ÔûêÔûêÔûêÔûêÔûêÔûêÔûêÔûêÔûêÔûêÔûêÔûêÔûêÔûêÔûêÔûêÔûêÔûêÔûêÔûêÔûêÔûêÔûêÔûêÔûêÔûêÔûêÔûêÔûêÔûêÔûêÔûêÔûêÔûêÔûêÔûêÔûêÔûêÔûêÔûêÔûêÔûêÔûêÔûêÔûêÔûêÔûêÔûêÔûêÔûêÔûêÔûêÔûêÔûêÔûêÔûêÔûêÔûêÔûêÔûêÔûêÔûêÔûêÔûêÔûêÔûêÔûêÔûêÔûêÔûêÔûêÔûêÔûêÔûêÔûêÔûêÔûêÔûêÔûêÔûê
Ôûê 1. AUTENTICACI├ôN
ÔûêÔûêÔûêÔûêÔûêÔûêÔûêÔûêÔûêÔûêÔûêÔûêÔûêÔûêÔûêÔûêÔûêÔûêÔûêÔûêÔûêÔûêÔûêÔûêÔûêÔûêÔûêÔûêÔûêÔûêÔûêÔûêÔûêÔûêÔûêÔûêÔûêÔûêÔûêÔûêÔûêÔûêÔûêÔûêÔûêÔûêÔûêÔûêÔûêÔûêÔûêÔûêÔûêÔûêÔûêÔûêÔûêÔûêÔûêÔûêÔûêÔûêÔûêÔûêÔûêÔûêÔûêÔûêÔûêÔûêÔûêÔûêÔûêÔûêÔûêÔûêÔûêÔûêÔûêÔûê

================================================================================
­ƒôì Test 1.1: Registrar Usuario 1 (Juan Perez)
   POST /auth/register
   Body: {
  "email": "juan@example.com",
  "password": "password123",
  "name": "Juan Perez"
}
   Status: 201 Created
   Response:
{
  "user": {
    "email": "juan@example.com",
    "name": "Juan Perez",
    "id": 1,
    "createdAt": "2025-11-22T20:17:52.641Z",
    "updatedAt": "2025-11-22T20:17:52.641Z"
  },
  "token": "eyJhbGciOiJIUzI1NiIsInR5cCI6IkpXVCJ9.eyJ1c2VySWQiOjEsImVtYWlsIjoianVhbkBleGFtcGxlLmNvbSIsImlhdCI6MTc2MzgyNDY3MiwiZXhwIjoxNzYzOTExMDcyfQ.C7fRicPhLeLKVPqQiUYDXexfK5KLQaA_z2eraIUd5Iw"
}

================================================================================
­ƒôì Test 1.2: Registrar Usuario 2 (Maria Garcia)
   POST /auth/register
   Body: {
  "email": "maria@example.com",
  "password": "password456",
  "name": "Maria Garcia"
}
   Status: 201 Created
   Response:
{
  "user": {
    "email": "maria@example.com",
    "name": "Maria Garcia",
    "id": 2,
    "createdAt": "2025-11-22T20:17:53.126Z",
    "updatedAt": "2025-11-22T20:17:53.126Z"
  },
  "token": "eyJhbGciOiJIUzI1NiIsInR5cCI6IkpXVCJ9.eyJ1c2VySWQiOjIsImVtYWlsIjoibWFyaWFAZXhhbXBsZS5jb20iLCJpYXQiOjE3NjM4MjQ2NzMsImV4cCI6MTc2MzkxMTA3M30.L7cpSjh-3SYpCHf60t_czULgw60ugvfRDv8-4ejUqNI"
}

================================================================================
­ƒôì Test 1.3: Login Usuario 1
   POST /auth/login
   Body: {
  "email": "juan@example.com",
  "password": "password123"
}
   Status: 200 OK
   Response:
{
  "user": {
    "id": 1,
    "email": "juan@example.com",
    "name": "Juan Perez",
    "createdAt": "2025-11-22T20:17:52.641Z",
    "updatedAt": "2025-11-22T20:17:52.641Z"
  },
  "token": "eyJhbGciOiJIUzI1NiIsInR5cCI6IkpXVCJ9.eyJ1c2VySWQiOjEsImVtYWlsIjoianVhbkBleGFtcGxlLmNvbSIsImlhdCI6MTc2MzgyNDY3MywiZXhwIjoxNzYzOTExMDczfQ.vc9JGVvUsJmn4pbcBZeeumQW4PNmSxS2n0lMIl94FVE"
}

================================================================================
­ƒôì Test 1.4: Obtener Perfil Usuario 1
   GET /auth/profile
   Status: 200 OK
   Response:
{
  "id": 1,
  "email": "juan@example.com",
  "name": "Juan Perez",
  "createdAt": "2025-11-22T20:17:52.641Z",
  "updatedAt": "2025-11-22T20:17:52.641Z"
}

================================================================================
­ƒôì Test 1.5: Error - Login con contrase├▒a incorrecta
   POST /auth/login
   Body: {
  "email": "juan@example.com",
  "password": "wrongpassword"
}
   Status: 401 Unauthorized
   Response:
{
  "message": "Credenciales inv├ílidas"
}

ÔûêÔûêÔûêÔûêÔûêÔûêÔûêÔûêÔûêÔûêÔûêÔûêÔûêÔûêÔûêÔûêÔûêÔûêÔûêÔûêÔûêÔûêÔûêÔûêÔûêÔûêÔûêÔûêÔûêÔûêÔûêÔûêÔûêÔûêÔûêÔûêÔûêÔûêÔûêÔûêÔûêÔûêÔûêÔûêÔûêÔûêÔûêÔûêÔûêÔûêÔûêÔûêÔûêÔûêÔûêÔûêÔûêÔûêÔûêÔûêÔûêÔûêÔûêÔûêÔûêÔûêÔûêÔûêÔûêÔûêÔûêÔûêÔûêÔûêÔûêÔûêÔûêÔûêÔûêÔûê
Ôûê 2. GESTI├ôN DE PROYECTOS
ÔûêÔûêÔûêÔûêÔûêÔûêÔûêÔûêÔûêÔûêÔûêÔûêÔûêÔûêÔûêÔûêÔûêÔûêÔûêÔûêÔûêÔûêÔûêÔûêÔûêÔûêÔûêÔûêÔûêÔûêÔûêÔûêÔûêÔûêÔûêÔûêÔûêÔûêÔûêÔûêÔûêÔûêÔûêÔûêÔûêÔûêÔûêÔûêÔûêÔûêÔûêÔûêÔûêÔûêÔûêÔûêÔûêÔûêÔûêÔûêÔûêÔûêÔûêÔûêÔûêÔûêÔûêÔûêÔûêÔûêÔûêÔûêÔûêÔûêÔûêÔûêÔûêÔûêÔûêÔûê

================================================================================
­ƒôì Test 2.1: Crear Proyecto 1 (Sistema de Inventario)
   POST /projects
   Body: {
  "name": "Sistema de Inventario",
  "description": "Sistema para control de inventario y stock",
  "color": "#3B82F6"
}
   Status: 201 Created
   Response:
{
  "id": 1,
  "name": "Sistema de Inventario",
  "description": "Sistema para control de inventario y stock",
  "color": "#3B82F6",
  "createdAt": "2025-11-22T20:17:54.028Z",
  "updatedAt": "2025-11-22T20:17:54.028Z",
  "owner": {
    "id": 1,
    "email": "juan@example.com",
    "name": "Juan Perez",
    "createdAt": "2025-11-22T20:17:52.641Z",
    "updatedAt": "2025-11-22T20:17:52.641Z"
  },
  "collaborators": []
}

================================================================================
­ƒôì Test 2.2: Crear Proyecto 2 (App M├│vil)
   POST /projects
   Body: {
  "name": "App M├│vil",
  "description": "Aplicaci├│n m├│vil para clientes",
  "color": "#10B981"
}
   Status: 201 Created
   Response:
{
  "id": 2,
  "name": "App M├│vil",
  "description": "Aplicaci├│n m├│vil para clientes",
  "color": "#10B981",
  "createdAt": "2025-11-22T20:17:54.081Z",
  "updatedAt": "2025-11-22T20:17:54.081Z",
  "owner": {
    "id": 1,
    "email": "juan@example.com",
    "name": "Juan Perez",
    "createdAt": "2025-11-22T20:17:52.641Z",
    "updatedAt": "2025-11-22T20:17:52.641Z"
  },
  "collaborators": []
}

================================================================================
­ƒôì Test 2.3: Listar Proyectos de Usuario 1
   GET /projects?page=1&limit=10
   Status: 200 OK
   Response:
{
  "projects": [
    {
      "id": 2,
      "name": "App M├│vil",
      "description": "Aplicaci├│n m├│vil para clientes",
      "color": "#10B981",
      "createdAt": "2025-11-22T20:17:54.081Z",
      "updatedAt": "2025-11-22T20:17:54.081Z",
      "owner": {
        "id": 1,
        "email": "juan@example.com",
        "name": "Juan Perez",
        "createdAt": "2025-11-22T20:17:52.641Z",
        "updatedAt": "2025-11-22T20:17:52.641Z"
      },
      "collaborators": []
    },
    {
      "id": 1,
      "name": "Sistema de Inventario",
      "description": "Sistema para control de inventario y stock",
      "color": "#3B82F6",
      "createdAt": "2025-11-22T20:17:54.028Z",
      "updatedAt": "2025-11-22T20:17:54.028Z",
      "owner": {
        "id": 1,
        "email": "juan@example.com",
        "name": "Juan Perez",
        "createdAt": "2025-11-22T20:17:52.641Z",
        "updatedAt": "2025-11-22T20:17:52.641Z"
      },
      "collaborators": []
    }
  ],
  "pagination": {
    "total": 2,
    "page": 1,
    "limit": 10,
    "totalPages": 1
  }
}

================================================================================
­ƒôì Test 2.4: Actualizar Proyecto 1
   PUT /projects/1
   Body: {
  "name": "Sistema de Inventario v2.0",
  "description": "Sistema mejorado para control de inventario",
  "color": "#6366F1"
}
   Status: 200 OK
   Response:
{
  "id": 1,
  "name": "Sistema de Inventario v2.0",
  "description": "Sistema mejorado para control de inventario",
  "color": "#6366F1",
  "createdAt": "2025-11-22T20:17:54.028Z",
  "updatedAt": "2025-11-22T20:17:54.000Z",
  "owner": {
    "id": 1,
    "email": "juan@example.com",
    "name": "Juan Perez",
    "createdAt": "2025-11-22T20:17:52.641Z",
    "updatedAt": "2025-11-22T20:17:52.641Z"
  },
  "collaborators": []
}

================================================================================
­ƒôì Test 2.5: Agregar a Maria como colaboradora del Proyecto 1
   POST /projects/1/collaborators
   Body: {
  "userId": 2
}
   Status: 200 OK
   Response:
{
  "id": 1,
  "name": "Sistema de Inventario v2.0",
  "description": "Sistema mejorado para control de inventario",
  "color": "#6366F1",
  "createdAt": "2025-11-22T20:17:54.028Z",
  "updatedAt": "2025-11-22T20:17:54.000Z",
  "owner": {
    "id": 1,
    "email": "juan@example.com",
    "name": "Juan Perez",
    "createdAt": "2025-11-22T20:17:52.641Z",
    "updatedAt": "2025-11-22T20:17:52.641Z"
  },
  "collaborators": [
    {
      "id": 2,
      "email": "maria@example.com",
      "name": "Maria Garcia",
      "createdAt": "2025-11-22T20:17:53.126Z",
      "updatedAt": "2025-11-22T20:17:53.126Z"
    }
  ]
}

================================================================================
­ƒôì Test 2.6: Listar Proyectos (verificar colaboradores)
   GET /projects
   Status: 200 OK
   Response:
{
  "projects": [
    {
      "id": 2,
      "name": "App M├│vil",
      "description": "Aplicaci├│n m├│vil para clientes",
      "color": "#10B981",
      "createdAt": "2025-11-22T20:17:54.081Z",
      "updatedAt": "2025-11-22T20:17:54.081Z",
      "owner": {
        "id": 1,
        "email": "juan@example.com",
        "name": "Juan Perez",
        "createdAt": "2025-11-22T20:17:52.641Z",
        "updatedAt": "2025-11-22T20:17:52.641Z"
      },
      "collaborators": []
    },
    {
      "id": 1,
      "name": "Sistema de Inventario v2.0",
      "description": "Sistema mejorado para control de inventario",
      "color": "#6366F1",
      "createdAt": "2025-11-22T20:17:54.028Z",
      "updatedAt": "2025-11-22T20:17:54.000Z",
      "owner": {
        "id": 1,
        "email": "juan@example.com",
        "name": "Juan Perez",
        "createdAt": "2025-11-22T20:17:52.641Z",
        "updatedAt": "2025-11-22T20:17:52.641Z"
      },
      "collaborators": [
        {
          "id": 2,
          "email": "maria@example.com",
          "name": "Maria Garcia",
          "createdAt": "2025-11-22T20:17:53.126Z",
          "updatedAt": "2025-11-22T20:17:53.126Z"
        }
      ]
    }
  ],
  "pagination": {
    "total": 2,
    "page": 1,
    "limit": 10,
    "totalPages": 1
  }
}

ÔûêÔûêÔûêÔûêÔûêÔûêÔûêÔûêÔûêÔûêÔûêÔûêÔûêÔûêÔûêÔûêÔûêÔûêÔûêÔûêÔûêÔûêÔûêÔûêÔûêÔûêÔûêÔûêÔûêÔûêÔûêÔûêÔûêÔûêÔûêÔûêÔûêÔûêÔûêÔûêÔûêÔûêÔûêÔûêÔûêÔûêÔûêÔûêÔûêÔûêÔûêÔûêÔûêÔûêÔûêÔûêÔûêÔûêÔûêÔûêÔûêÔûêÔûêÔûêÔûêÔûêÔûêÔûêÔûêÔûêÔûêÔûêÔûêÔûêÔûêÔûêÔûêÔûêÔûêÔûê
Ôûê 3. GESTI├ôN DE TAREAS
ÔûêÔûêÔûêÔûêÔûêÔûêÔûêÔûêÔûêÔûêÔûêÔûêÔûêÔûêÔûêÔûêÔûêÔûêÔûêÔûêÔûêÔûêÔûêÔûêÔûêÔûêÔûêÔûêÔûêÔûêÔûêÔûêÔûêÔûêÔûêÔûêÔûêÔûêÔûêÔûêÔûêÔûêÔûêÔûêÔûêÔûêÔûêÔûêÔûêÔûêÔûêÔûêÔûêÔûêÔûêÔûêÔûêÔûêÔûêÔûêÔûêÔûêÔûêÔûêÔûêÔûêÔûêÔûêÔûêÔûêÔûêÔûêÔûêÔûêÔûêÔûêÔûêÔûêÔûêÔûê

================================================================================
­ƒôì Test 3.1: Crear Tarea 1 - Dise├▒ar BD
   POST /tasks
   Body: {
  "title": "Dise├▒ar base de datos",
  "description": "Crear diagrama ER y esquema SQL",
  "status": "in_progress",
  "priority": "high",
  "projectId": 1,
  "assignedUserId": 1,
  "dueDate": "2025-12-01T10:00:00Z"
}
   Status: 400 Bad Request
   Response:
{
  "errors": [
    {
      "type": "field",
      "value": "in_progress",
      "msg": "Invalid value",
      "path": "status",
      "location": "body"
    }
  ]
}

================================================================================
­ƒôì Test 3.2: Crear Tarea 2 - Implementar API
   POST /tasks
   Body: {
  "title": "Implementar API REST",
  "description": "Desarrollar endpoints del backend",
  "status": "pending",
  "priority": "medium",
  "projectId": 1,
  "assignedUserId": 2,
  "dueDate": "2025-12-10T10:00:00Z"
}
   Status: 201 Created
   Response:
{
  "id": 1,
  "title": "Implementar API REST",
  "description": "Desarrollar endpoints del backend",
  "status": "pending",
  "priority": "medium",
  "dueDate": "2025-12-10T10:00:00.000Z",
  "createdAt": "2025-11-22T20:17:54.250Z",
  "updatedAt": "2025-11-22T20:17:54.250Z",
  "project": {
    "id": 1,
    "name": "Sistema de Inventario v2.0",
    "description": "Sistema mejorado para control de inventario",
    "color": "#6366F1",
    "createdAt": "2025-11-22T20:17:54.028Z",
    "updatedAt": "2025-11-22T20:17:54.000Z",
    "owner": {
      "id": 1,
      "email": "juan@example.com",
      "name": "Juan Perez",
      "createdAt": "2025-11-22T20:17:52.641Z",
      "updatedAt": "2025-11-22T20:17:52.641Z"
    },
    "collaborators": [
      {
        "id": 2,
        "email": "maria@example.com",
        "name": "Maria Garcia",
        "createdAt": "2025-11-22T20:17:53.126Z",
        "updatedAt": "2025-11-22T20:17:53.126Z"
      }
    ]
  },
  "assignedUser": {
    "id": 2,
    "email": "maria@example.com",
    "name": "Maria Garcia",
    "createdAt": "2025-11-22T20:17:53.126Z",
    "updatedAt": "2025-11-22T20:17:53.126Z"
  }
}

================================================================================
­ƒôì Test 3.3: Crear Tarea 3 - Testing
   POST /tasks
   Body: {
  "title": "Escribir tests unitarios",
  "description": "Cobertura de al menos 80%",
  "status": "pending",
  "priority": "low",
  "projectId": 2,
  "assignedUserId": 1,
  "dueDate": "2025-12-15T10:00:00Z"
}
   Status: 201 Created
   Response:
{
  "id": 2,
  "title": "Escribir tests unitarios",
  "description": "Cobertura de al menos 80%",
  "status": "pending",
  "priority": "low",
  "dueDate": "2025-12-15T10:00:00.000Z",
  "createdAt": "2025-11-22T20:17:54.282Z",
  "updatedAt": "2025-11-22T20:17:54.282Z",
  "project": {
    "id": 2,
    "name": "App M├│vil",
    "description": "Aplicaci├│n m├│vil para clientes",
    "color": "#10B981",
    "createdAt": "2025-11-22T20:17:54.081Z",
    "updatedAt": "2025-11-22T20:17:54.081Z",
    "owner": {
      "id": 1,
      "email": "juan@example.com",
      "name": "Juan Perez",
      "createdAt": "2025-11-22T20:17:52.641Z",
      "updatedAt": "2025-11-22T20:17:52.641Z"
    },
    "collaborators": []
  },
  "assignedUser": {
    "id": 1,
    "email": "juan@example.com",
    "name": "Juan Perez",
    "createdAt": "2025-11-22T20:17:52.641Z",
    "updatedAt": "2025-11-22T20:17:52.641Z"
  }
}

================================================================================
­ƒôì Test 3.4: Listar todas las tareas
   GET /tasks?page=1&limit=10
   Status: 200 OK
   Response:
{
  "tasks": [
    {
      "id": 2,
      "title": "Escribir tests unitarios",
      "description": "Cobertura de al menos 80%",
      "status": "pending",
      "priority": "low",
      "dueDate": "2025-12-15T10:00:00.000Z",
      "createdAt": "2025-11-22T20:17:54.282Z",
      "updatedAt": "2025-11-22T20:17:54.282Z",
      "project": {
        "id": 2,
        "name": "App M├│vil",
        "description": "Aplicaci├│n m├│vil para clientes",
        "color": "#10B981",
        "createdAt": "2025-11-22T20:17:54.081Z",
        "updatedAt": "2025-11-22T20:17:54.081Z",
        "owner": {
          "id": 1,
          "email": "juan@example.com",
          "name": "Juan Perez",
          "createdAt": "2025-11-22T20:17:52.641Z",
          "updatedAt": "2025-11-22T20:17:52.641Z"
        },
        "collaborators": []
      },
      "assignedUser": {
        "id": 1,
        "email": "juan@example.com",
        "name": "Juan Perez",
        "createdAt": "2025-11-22T20:17:52.641Z",
        "updatedAt": "2025-11-22T20:17:52.641Z"
      }
    },
    {
      "id": 1,
      "title": "Implementar API REST",
      "description": "Desarrollar endpoints del backend",
      "status": "pending",
      "priority": "medium",
      "dueDate": "2025-12-10T10:00:00.000Z",
      "createdAt": "2025-11-22T20:17:54.250Z",
      "updatedAt": "2025-11-22T20:17:54.250Z",
      "project": {
        "id": 1,
        "name": "Sistema de Inventario v2.0",
        "description": "Sistema mejorado para control de inventario",
        "color": "#6366F1",
        "createdAt": "2025-11-22T20:17:54.028Z",
        "updatedAt": "2025-11-22T20:17:54.000Z",
        "owner": {
          "id": 1,
          "email": "juan@example.com",
          "name": "Juan Perez",
          "createdAt": "2025-11-22T20:17:52.641Z",
          "updatedAt": "2025-11-22T20:17:52.641Z"
        },
        "collaborators": [
          {
            "id": 2,
            "email": "maria@example.com",
            "name": "Maria Garcia",
            "createdAt": "2025-11-22T20:17:53.126Z",
            "updatedAt": "2025-11-22T20:17:53.126Z"
          }
        ]
      },
      "assignedUser": {
        "id": 2,
        "email": "maria@example.com",
        "name": "Maria Garcia",
        "createdAt": "2025-11-22T20:17:53.126Z",
        "updatedAt": "2025-11-22T20:17:53.126Z"
      }
    }
  ],
  "pagination": {
    "total": 2,
    "page": 1,
    "limit": 10,
    "totalPages": 1
  }
}

================================================================================
­ƒôì Test 3.5: Filtrar tareas por estado "pending"
   GET /tasks?status=pending
   Status: 200 OK
   Response:
{
  "tasks": [
    {
      "id": 2,
      "title": "Escribir tests unitarios",
      "description": "Cobertura de al menos 80%",
      "status": "pending",
      "priority": "low",
      "dueDate": "2025-12-15T10:00:00.000Z",
      "createdAt": "2025-11-22T20:17:54.282Z",
      "updatedAt": "2025-11-22T20:17:54.282Z",
      "project": {
        "id": 2,
        "name": "App M├│vil",
        "description": "Aplicaci├│n m├│vil para clientes",
        "color": "#10B981",
        "createdAt": "2025-11-22T20:17:54.081Z",
        "updatedAt": "2025-11-22T20:17:54.081Z",
        "owner": {
          "id": 1,
          "email": "juan@example.com",
          "name": "Juan Perez",
          "createdAt": "2025-11-22T20:17:52.641Z",
          "updatedAt": "2025-11-22T20:17:52.641Z"
        },
        "collaborators": []
      },
      "assignedUser": {
        "id": 1,
        "email": "juan@example.com",
        "name": "Juan Perez",
        "createdAt": "2025-11-22T20:17:52.641Z",
        "updatedAt": "2025-11-22T20:17:52.641Z"
      }
    },
    {
      "id": 1,
      "title": "Implementar API REST",
      "description": "Desarrollar endpoints del backend",
      "status": "pending",
      "priority": "medium",
      "dueDate": "2025-12-10T10:00:00.000Z",
      "createdAt": "2025-11-22T20:17:54.250Z",
      "updatedAt": "2025-11-22T20:17:54.250Z",
      "project": {
        "id": 1,
        "name": "Sistema de Inventario v2.0",
        "description": "Sistema mejorado para control de inventario",
        "color": "#6366F1",
        "createdAt": "2025-11-22T20:17:54.028Z",
        "updatedAt": "2025-11-22T20:17:54.000Z",
        "owner": {
          "id": 1,
          "email": "juan@example.com",
          "name": "Juan Perez",
          "createdAt": "2025-11-22T20:17:52.641Z",
          "updatedAt": "2025-11-22T20:17:52.641Z"
        },
        "collaborators": [
          {
            "id": 2,
            "email": "maria@example.com",
            "name": "Maria Garcia",
            "createdAt": "2025-11-22T20:17:53.126Z",
            "updatedAt": "2025-11-22T20:17:53.126Z"
          }
        ]
      },
      "assignedUser": {
        "id": 2,
        "email": "maria@example.com",
        "name": "Maria Garcia",
        "createdAt": "2025-11-22T20:17:53.126Z",
        "updatedAt": "2025-11-22T20:17:53.126Z"
      }
    }
  ],
  "pagination": {
    "total": 2,
    "page": 1,
    "limit": 20,
    "totalPages": 1
  }
}

================================================================================
­ƒôì Test 3.6: Filtrar tareas por prioridad "high"
   GET /tasks?priority=high
   Status: 200 OK
   Response:
{
  "tasks": [],
  "pagination": {
    "total": 0,
    "page": 1,
    "limit": 20,
    "totalPages": 0
  }
}

================================================================================
­ƒôì Test 3.7: Filtrar tareas del Proyecto 1
   GET /tasks?projectId=1
   Status: 200 OK
   Response:
{
  "tasks": [
    {
      "id": 1,
      "title": "Implementar API REST",
      "description": "Desarrollar endpoints del backend",
      "status": "pending",
      "priority": "medium",
      "dueDate": "2025-12-10T10:00:00.000Z",
      "createdAt": "2025-11-22T20:17:54.250Z",
      "updatedAt": "2025-11-22T20:17:54.250Z",
      "project": {
        "id": 1,
        "name": "Sistema de Inventario v2.0",
        "description": "Sistema mejorado para control de inventario",
        "color": "#6366F1",
        "createdAt": "2025-11-22T20:17:54.028Z",
        "updatedAt": "2025-11-22T20:17:54.000Z",
        "owner": {
          "id": 1,
          "email": "juan@example.com",
          "name": "Juan Perez",
          "createdAt": "2025-11-22T20:17:52.641Z",
          "updatedAt": "2025-11-22T20:17:52.641Z"
        },
        "collaborators": [
          {
            "id": 2,
            "email": "maria@example.com",
            "name": "Maria Garcia",
            "createdAt": "2025-11-22T20:17:53.126Z",
            "updatedAt": "2025-11-22T20:17:53.126Z"
          }
        ]
      },
      "assignedUser": {
        "id": 2,
        "email": "maria@example.com",
        "name": "Maria Garcia",
        "createdAt": "2025-11-22T20:17:53.126Z",
        "updatedAt": "2025-11-22T20:17:53.126Z"
      }
    }
  ],
  "pagination": {
    "total": 1,
    "page": 1,
    "limit": 20,
    "totalPages": 1
  }
}

================================================================================
­ƒôì Test 3.8: Filtrar tareas asignadas a Usuario 2 (Maria)
   GET /tasks?assignedUserId=2
   Status: 200 OK
   Response:
{
  "tasks": [
    {
      "id": 1,
      "title": "Implementar API REST",
      "description": "Desarrollar endpoints del backend",
      "status": "pending",
      "priority": "medium",
      "dueDate": "2025-12-10T10:00:00.000Z",
      "createdAt": "2025-11-22T20:17:54.250Z",
      "updatedAt": "2025-11-22T20:17:54.250Z",
      "project": {
        "id": 1,
        "name": "Sistema de Inventario v2.0",
        "description": "Sistema mejorado para control de inventario",
        "color": "#6366F1",
        "createdAt": "2025-11-22T20:17:54.028Z",
        "updatedAt": "2025-11-22T20:17:54.000Z",
        "owner": {
          "id": 1,
          "email": "juan@example.com",
          "name": "Juan Perez",
          "createdAt": "2025-11-22T20:17:52.641Z",
          "updatedAt": "2025-11-22T20:17:52.641Z"
        },
        "collaborators": [
          {
            "id": 2,
            "email": "maria@example.com",
            "name": "Maria Garcia",
            "createdAt": "2025-11-22T20:17:53.126Z",
            "updatedAt": "2025-11-22T20:17:53.126Z"
          }
        ]
      },
      "assignedUser": {
        "id": 2,
        "email": "maria@example.com",
        "name": "Maria Garcia",
        "createdAt": "2025-11-22T20:17:53.126Z",
        "updatedAt": "2025-11-22T20:17:53.126Z"
      }
    }
  ],
  "pagination": {
    "total": 1,
    "page": 1,
    "limit": 20,
    "totalPages": 1
  }
}

================================================================================
­ƒôì Test 3.9: Ordenar tareas por dueDate DESC
   GET /tasks?sortBy=dueDate&sortOrder=DESC
   Status: 200 OK
   Response:
{
  "tasks": [
    {
      "id": 2,
      "title": "Escribir tests unitarios",
      "description": "Cobertura de al menos 80%",
      "status": "pending",
      "priority": "low",
      "dueDate": "2025-12-15T10:00:00.000Z",
      "createdAt": "2025-11-22T20:17:54.282Z",
      "updatedAt": "2025-11-22T20:17:54.282Z",
      "project": {
        "id": 2,
        "name": "App M├│vil",
        "description": "Aplicaci├│n m├│vil para clientes",
        "color": "#10B981",
        "createdAt": "2025-11-22T20:17:54.081Z",
        "updatedAt": "2025-11-22T20:17:54.081Z",
        "owner": {
          "id": 1,
          "email": "juan@example.com",
          "name": "Juan Perez",
          "createdAt": "2025-11-22T20:17:52.641Z",
          "updatedAt": "2025-11-22T20:17:52.641Z"
        },
        "collaborators": []
      },
      "assignedUser": {
        "id": 1,
        "email": "juan@example.com",
        "name": "Juan Perez",
        "createdAt": "2025-11-22T20:17:52.641Z",
        "updatedAt": "2025-11-22T20:17:52.641Z"
      }
    },
    {
      "id": 1,
      "title": "Implementar API REST",
      "description": "Desarrollar endpoints del backend",
      "status": "pending",
      "priority": "medium",
      "dueDate": "2025-12-10T10:00:00.000Z",
      "createdAt": "2025-11-22T20:17:54.250Z",
      "updatedAt": "2025-11-22T20:17:54.250Z",
      "project": {
        "id": 1,
        "name": "Sistema de Inventario v2.0",
        "description": "Sistema mejorado para control de inventario",
        "color": "#6366F1",
        "createdAt": "2025-11-22T20:17:54.028Z",
        "updatedAt": "2025-11-22T20:17:54.000Z",
        "owner": {
          "id": 1,
          "email": "juan@example.com",
          "name": "Juan Perez",
          "createdAt": "2025-11-22T20:17:52.641Z",
          "updatedAt": "2025-11-22T20:17:52.641Z"
        },
        "collaborators": [
          {
            "id": 2,
            "email": "maria@example.com",
            "name": "Maria Garcia",
            "createdAt": "2025-11-22T20:17:53.126Z",
            "updatedAt": "2025-11-22T20:17:53.126Z"
          }
        ]
      },
      "assignedUser": {
        "id": 2,
        "email": "maria@example.com",
        "name": "Maria Garcia",
        "createdAt": "2025-11-22T20:17:53.126Z",
        "updatedAt": "2025-11-22T20:17:53.126Z"
      }
    }
  ],
  "pagination": {
    "total": 2,
    "page": 1,
    "limit": 20,
    "totalPages": 1
  }
}

================================================================================
­ƒôì Test 3.10: Obtener Tarea 1 por ID
   GET /tasks/
   Status: 200 OK
   Response:
{
  "tasks": [
    {
      "id": 2,
      "title": "Escribir tests unitarios",
      "description": "Cobertura de al menos 80%",
      "status": "pending",
      "priority": "low",
      "dueDate": "2025-12-15T10:00:00.000Z",
      "createdAt": "2025-11-22T20:17:54.282Z",
      "updatedAt": "2025-11-22T20:17:54.282Z",
      "project": {
        "id": 2,
        "name": "App M├│vil",
        "description": "Aplicaci├│n m├│vil para clientes",
        "color": "#10B981",
        "createdAt": "2025-11-22T20:17:54.081Z",
        "updatedAt": "2025-11-22T20:17:54.081Z",
        "owner": {
          "id": 1,
          "email": "juan@example.com",
          "name": "Juan Perez",
          "createdAt": "2025-11-22T20:17:52.641Z",
          "updatedAt": "2025-11-22T20:17:52.641Z"
        },
        "collaborators": []
      },
      "assignedUser": {
        "id": 1,
        "email": "juan@example.com",
        "name": "Juan Perez",
        "createdAt": "2025-11-22T20:17:52.641Z",
        "updatedAt": "2025-11-22T20:17:52.641Z"
      }
    },
    {
      "id": 1,
      "title": "Implementar API REST",
      "description": "Desarrollar endpoints del backend",
      "status": "pending",
      "priority": "medium",
      "dueDate": "2025-12-10T10:00:00.000Z",
      "createdAt": "2025-11-22T20:17:54.250Z",
      "updatedAt": "2025-11-22T20:17:54.250Z",
      "project": {
        "id": 1,
        "name": "Sistema de Inventario v2.0",
        "description": "Sistema mejorado para control de inventario",
        "color": "#6366F1",
        "createdAt": "2025-11-22T20:17:54.028Z",
        "updatedAt": "2025-11-22T20:17:54.000Z",
        "owner": {
          "id": 1,
          "email": "juan@example.com",
          "name": "Juan Perez",
          "createdAt": "2025-11-22T20:17:52.641Z",
          "updatedAt": "2025-11-22T20:17:52.641Z"
        },
        "collaborators": [
          {
            "id": 2,
            "email": "maria@example.com",
            "name": "Maria Garcia",
            "createdAt": "2025-11-22T20:17:53.126Z",
            "updatedAt": "2025-11-22T20:17:53.126Z"
          }
        ]
      },
      "assignedUser": {
        "id": 2,
        "email": "maria@example.com",
        "name": "Maria Garcia",
        "createdAt": "2025-11-22T20:17:53.126Z",
        "updatedAt": "2025-11-22T20:17:53.126Z"
      }
    }
  ],
  "pagination": {
    "total": 2,
    "page": 1,
    "limit": 20,
    "totalPages": 1
  }
}

================================================================================
­ƒôì Test 3.11: Actualizar Tarea 1 (cambiar estado a completed)
   PUT /tasks/
   Body: {
  "status": "completed",
  "priority": "high"
}
   Status: 404 Not Found
   Response:
"<!DOCTYPE html>\n<html lang=\"en\">\n<head>\n<meta charset=\"utf-8\">\n<title>Error</title>\n</head>\n<body>\n<pre>Cannot PUT /api/tasks/</pre>\n</body>\n</html>\n"

ÔûêÔûêÔûêÔûêÔûêÔûêÔûêÔûêÔûêÔûêÔûêÔûêÔûêÔûêÔûêÔûêÔûêÔûêÔûêÔûêÔûêÔûêÔûêÔûêÔûêÔûêÔûêÔûêÔûêÔûêÔûêÔûêÔûêÔûêÔûêÔûêÔûêÔûêÔûêÔûêÔûêÔûêÔûêÔûêÔûêÔûêÔûêÔûêÔûêÔûêÔûêÔûêÔûêÔûêÔûêÔûêÔûêÔûêÔûêÔûêÔûêÔûêÔûêÔûêÔûêÔûêÔûêÔûêÔûêÔûêÔûêÔûêÔûêÔûêÔûêÔûêÔûêÔûêÔûêÔûê
Ôûê 4. ESTAD├ìSTICAS
ÔûêÔûêÔûêÔûêÔûêÔûêÔûêÔûêÔûêÔûêÔûêÔûêÔûêÔûêÔûêÔûêÔûêÔûêÔûêÔûêÔûêÔûêÔûêÔûêÔûêÔûêÔûêÔûêÔûêÔûêÔûêÔûêÔûêÔûêÔûêÔûêÔûêÔûêÔûêÔûêÔûêÔûêÔûêÔûêÔûêÔûêÔûêÔûêÔûêÔûêÔûêÔûêÔûêÔûêÔûêÔûêÔûêÔûêÔûêÔûêÔûêÔûêÔûêÔûêÔûêÔûêÔûêÔûêÔûêÔûêÔûêÔûêÔûêÔûêÔûêÔûêÔûêÔûêÔûêÔûê

================================================================================
­ƒôì Test 4.1: Obtener estad├¡sticas de Usuario 1 (Juan)
   GET /stats
   Status: 200 OK
   Response:
{
  "totalProjects": 2,
  "totalTasks": 2,
  "tasksByStatus": {
    "undefined": 2
  }
}

================================================================================
­ƒôì Test 4.2: Obtener estad├¡sticas de Usuario 2 (Maria)
   GET /stats
   Status: 200 OK
   Response:
{
  "totalProjects": 0,
  "totalTasks": 1,
  "tasksByStatus": {
    "undefined": 1
  }
}

ÔûêÔûêÔûêÔûêÔûêÔûêÔûêÔûêÔûêÔûêÔûêÔûêÔûêÔûêÔûêÔûêÔûêÔûêÔûêÔûêÔûêÔûêÔûêÔûêÔûêÔûêÔûêÔûêÔûêÔûêÔûêÔûêÔûêÔûêÔûêÔûêÔûêÔûêÔûêÔûêÔûêÔûêÔûêÔûêÔûêÔûêÔûêÔûêÔûêÔûêÔûêÔûêÔûêÔûêÔûêÔûêÔûêÔûêÔûêÔûêÔûêÔûêÔûêÔûêÔûêÔûêÔûêÔûêÔûêÔûêÔûêÔûêÔûêÔûêÔûêÔûêÔûêÔûêÔûêÔûê
Ôûê 5. ELIMINACIONES Y PERMISOS
ÔûêÔûêÔûêÔûêÔûêÔûêÔûêÔûêÔûêÔûêÔûêÔûêÔûêÔûêÔûêÔûêÔûêÔûêÔûêÔûêÔûêÔûêÔûêÔûêÔûêÔûêÔûêÔûêÔûêÔûêÔûêÔûêÔûêÔûêÔûêÔûêÔûêÔûêÔûêÔûêÔûêÔûêÔûêÔûêÔûêÔûêÔûêÔûêÔûêÔûêÔûêÔûêÔûêÔûêÔûêÔûêÔûêÔûêÔûêÔûêÔûêÔûêÔûêÔûêÔûêÔûêÔûêÔûêÔûêÔûêÔûêÔûêÔûêÔûêÔûêÔûêÔûêÔûêÔûêÔûê

================================================================================
­ƒôì Test 5.1: Eliminar Tarea 2
   DELETE /tasks/1
   Status: 200 OK
   Response:
{
  "message": "Tarea eliminada exitosamente"
}

================================================================================
­ƒôì Test 5.2: Verificar que Tarea 2 fue eliminada (debe dar error 404)
   GET /tasks/1
   Status: 404 Not Found
   Response:
{
  "message": "Tarea no encontrada"
}

================================================================================
­ƒôì Test 5.3: Remover a Maria como colaboradora
   DELETE /projects/1/collaborators/2
   Status: 404 Not Found
   Response:
"<!DOCTYPE html>\n<html lang=\"en\">\n<head>\n<meta charset=\"utf-8\">\n<title>Error</title>\n</head>\n<body>\n<pre>Cannot DELETE /api/projects/1/collaborators/2</pre>\n</body>\n</html>\n"

================================================================================
­ƒôì Test 5.4: Error - Maria intenta eliminar proyecto de Juan (sin permisos)
   DELETE /projects/1
   Status: 403 Forbidden
   Response:
{
  "message": "No tienes permiso para eliminar este proyecto"
}

================================================================================
­ƒôì Test 5.5: Eliminar Proyecto 2 (elimina tareas en cascada)
   DELETE /projects/2
   Status: 200 OK
   Response:
{
  "message": "Proyecto eliminado exitosamente"
}

================================================================================
­ƒôì Test 5.6: Listar tareas (verificar que se eliminaron las del Proyecto 2)
   GET /tasks
   Status: 200 OK
   Response:
{
  "tasks": [],
  "pagination": {
    "total": 0,
    "page": 1,
    "limit": 20,
    "totalPages": 0
  }
}

ÔûêÔûêÔûêÔûêÔûêÔûêÔûêÔûêÔûêÔûêÔûêÔûêÔûêÔûêÔûêÔûêÔûêÔûêÔûêÔûêÔûêÔûêÔûêÔûêÔûêÔûêÔûêÔûêÔûêÔûêÔûêÔûêÔûêÔûêÔûêÔûêÔûêÔûêÔûêÔûêÔûêÔûêÔûêÔûêÔûêÔûêÔûêÔûêÔûêÔûêÔûêÔûêÔûêÔûêÔûêÔûêÔûêÔûêÔûêÔûêÔûêÔûêÔûêÔûêÔûêÔûêÔûêÔûêÔûêÔûêÔûêÔûêÔûêÔûêÔûêÔûêÔûêÔûêÔûêÔûê
Ôûê Ô£à PRUEBAS COMPLETADAS
ÔûêÔûêÔûêÔûêÔûêÔûêÔûêÔûêÔûêÔûêÔûêÔûêÔûêÔûêÔûêÔûêÔûêÔûêÔûêÔûêÔûêÔûêÔûêÔûêÔûêÔûêÔûêÔûêÔûêÔûêÔûêÔûêÔûêÔûêÔûêÔûêÔûêÔûêÔûêÔûêÔûêÔûêÔûêÔûêÔûêÔûêÔûêÔûêÔûêÔûêÔûêÔûêÔûêÔûêÔûêÔûêÔûêÔûêÔûêÔûêÔûêÔûêÔûêÔûêÔûêÔûêÔûêÔûêÔûêÔûêÔûêÔûêÔûêÔûêÔûêÔûêÔûêÔûêÔûêÔûê

­ƒôè RESUMEN:
   - Total de endpoints probados: 36
   - Autenticaci├│n: 5 tests
   - Proyectos: 6 tests
   - Tareas: 11 tests
   - Estad├¡sticas: 2 tests
   - Eliminaciones y Permisos: 6 tests
   - Validaciones de error: 6 tests


